* using log directory 'C:/Users/cthom/OneDrive - bt.gen.nz/Documents/Rworkspace/SafeVote/SafeVote.Rcheck'
* using R version 4.5.3 (2026-03-11 ucrt)
* using platform: x86_64-w64-mingw32
* R was compiled by
    gcc.exe (GCC) 14.3.0
    GNU Fortran (GCC) 14.3.0
* running under: Windows 11 x64 (build 26200)
* using session charset: UTF-8
* using option '--as-cran'
* checking for file 'SafeVote/DESCRIPTION' ... OK
* checking extension type ... Package
* this is package 'SafeVote' version '1.0.2'
* package encoding: UTF-8
* checking CRAN incoming feasibility ... [27s] OK
* checking package namespace information ... OK
* checking package dependencies ... OK
* checking if this is a source package ... OK
* checking if there is a namespace ... OK
* checking for executable files ... OK
* checking for hidden files and directories ... OK
* checking for portable file names ... OK
* checking whether package 'SafeVote' can be installed ... [15s] ERROR
Installation failed.
See 'C:/Users/cthom/OneDrive - bt.gen.nz/Documents/Rworkspace/SafeVote/SafeVote.Rcheck/00install.out' for details.
* DONE
Status: 1 ERROR
